#! /c/Source/iverilog-install/bin/vvp
:ivl_version "12.0 (devel)" "(s20150603-1539-g2693dd32b)";
:ivl_delay_selection "TYPICAL";
:vpi_time_precision - 12;
:vpi_module "C:\iverilog\lib\ivl\system.vpi";
:vpi_module "C:\iverilog\lib\ivl\vhdl_sys.vpi";
:vpi_module "C:\iverilog\lib\ivl\vhdl_textio.vpi";
:vpi_module "C:\iverilog\lib\ivl\v2005_math.vpi";
:vpi_module "C:\iverilog\lib\ivl\va_math.vpi";
S_0000029fd70aacf0 .scope module, "tb_rw16x8_sync" "tb_rw16x8_sync" 2 33;
 .timescale -9 -12;
v0000029fd70ad9c0_0 .var "RE", 0 0;
v0000029fd70ada60_0 .var "WE", 0 0;
v0000029fd70abb00_0 .var "address", 3 0;
v0000029fd70abba0_0 .var "clk", 0 0;
v0000029fd70abc40_0 .var "din", 7 0;
v0000029fd70abce0_0 .net "dout", 7 0, v0000029fd70ad920_0;  1 drivers
S_0000029fd70ad6f0 .scope module, "dut" "rw16x8_sync" 2 40, 2 3 0, S_0000029fd70aacf0;
 .timescale -9 -12;
    .port_info 0 /OUTPUT 8 "dout";
    .port_info 1 /INPUT 4 "address";
    .port_info 2 /INPUT 1 "WE";
    .port_info 3 /INPUT 1 "RE";
    .port_info 4 /INPUT 8 "din";
    .port_info 5 /INPUT 1 "clk";
v0000029fd70a6dc0_0 .net "RE", 0 0, v0000029fd70ad9c0_0;  1 drivers
v0000029fd70a69f0 .array "RW", 15 0, 7 0;
v0000029fd70fb110_0 .net "WE", 0 0, v0000029fd70ada60_0;  1 drivers
v0000029fd70a9900_0 .net "address", 3 0, v0000029fd70abb00_0;  1 drivers
v0000029fd70aae80_0 .net "clk", 0 0, v0000029fd70abba0_0;  1 drivers
v0000029fd70ad880_0 .net "din", 7 0, v0000029fd70abc40_0;  1 drivers
v0000029fd70ad920_0 .var "dout", 7 0;
E_0000029fd70e4fe0 .event posedge, v0000029fd70aae80_0;
    .scope S_0000029fd70ad6f0;
T_0 ;
    %wait E_0000029fd70e4fe0;
    %load/vec4 v0000029fd70fb110_0;
    %flag_set/vec4 8;
    %jmp/0xz  T_0.0, 8;
    %load/vec4 v0000029fd70ad880_0;
    %load/vec4 v0000029fd70a9900_0;
    %pad/u 6;
    %ix/vec4 3;
    %ix/load 4, 0, 0; Constant delay
    %assign/vec4/a/d v0000029fd70a69f0, 0, 4;
    %jmp T_0.1;
T_0.0 ;
    %load/vec4 v0000029fd70a6dc0_0;
    %flag_set/vec4 8;
    %jmp/0xz  T_0.2, 8;
    %load/vec4 v0000029fd70a9900_0;
    %pad/u 6;
    %ix/vec4 4;
    %load/vec4a v0000029fd70a69f0, 4;
    %assign/vec4 v0000029fd70ad920_0, 0;
    %jmp T_0.3;
T_0.2 ;
    %load/vec4 v0000029fd70fb110_0;
    %flag_set/vec4 9;
    %flag_get/vec4 9;
    %jmp/0 T_0.6, 9;
    %load/vec4 v0000029fd70a6dc0_0;
    %and;
T_0.6;
    %flag_set/vec4 8;
    %jmp/0xz  T_0.4, 8;
    %vpi_call 2 22 "$display", "Invalid condition" {0 0 0};
    %jmp T_0.5;
T_0.4 ;
    %vpi_call 2 25 "$display", "No operation" {0 0 0};
T_0.5 ;
T_0.3 ;
T_0.1 ;
    %jmp T_0;
    .thread T_0;
    .scope S_0000029fd70aacf0;
T_1 ;
    %pushi/vec4 0, 0, 1;
    %store/vec4 v0000029fd70abba0_0, 0, 1;
    %end;
    .thread T_1;
    .scope S_0000029fd70aacf0;
T_2 ;
    %delay 5000, 0;
    %load/vec4 v0000029fd70abba0_0;
    %inv;
    %store/vec4 v0000029fd70abba0_0, 0, 1;
    %jmp T_2;
    .thread T_2;
    .scope S_0000029fd70aacf0;
T_3 ;
    %vpi_call 2 53 "$dumpfile", "rw16x8_sync.vcd" {0 0 0};
    %vpi_call 2 54 "$dumpvars", 32'sb00000000000000000000000000000000, S_0000029fd70aacf0 {0 0 0};
    %pushi/vec4 0, 0, 1;
    %store/vec4 v0000029fd70ada60_0, 0, 1;
    %pushi/vec4 0, 0, 1;
    %store/vec4 v0000029fd70ad9c0_0, 0, 1;
    %pushi/vec4 0, 0, 4;
    %store/vec4 v0000029fd70abb00_0, 0, 4;
    %pushi/vec4 0, 0, 8;
    %store/vec4 v0000029fd70abc40_0, 0, 8;
    %delay 13000, 0;
    %vpi_call 2 61 "$monitor", "Writing | addr = %b | din = %b", v0000029fd70abb00_0, v0000029fd70abc40_0 {0 0 0};
    %pushi/vec4 1, 0, 1;
    %store/vec4 v0000029fd70ada60_0, 0, 1;
    %pushi/vec4 0, 0, 1;
    %store/vec4 v0000029fd70ad9c0_0, 0, 1;
    %pushi/vec4 0, 0, 4;
    %store/vec4 v0000029fd70abb00_0, 0, 4;
    %pushi/vec4 10, 0, 8;
    %store/vec4 v0000029fd70abc40_0, 0, 8;
    %delay 10000, 0;
    %pushi/vec4 1, 0, 4;
    %store/vec4 v0000029fd70abb00_0, 0, 4;
    %pushi/vec4 20, 0, 8;
    %store/vec4 v0000029fd70abc40_0, 0, 8;
    %delay 10000, 0;
    %pushi/vec4 15, 0, 4;
    %store/vec4 v0000029fd70abb00_0, 0, 4;
    %pushi/vec4 255, 0, 8;
    %store/vec4 v0000029fd70abc40_0, 0, 8;
    %delay 10000, 0;
    %vpi_call 2 67 "$monitor", "Read | addr = %b| dout = %b", v0000029fd70abb00_0, v0000029fd70abce0_0 {0 0 0};
    %pushi/vec4 0, 0, 1;
    %store/vec4 v0000029fd70ada60_0, 0, 1;
    %pushi/vec4 1, 0, 1;
    %store/vec4 v0000029fd70ad9c0_0, 0, 1;
    %pushi/vec4 0, 0, 4;
    %store/vec4 v0000029fd70abb00_0, 0, 4;
    %pushi/vec4 10, 0, 8;
    %store/vec4 v0000029fd70abc40_0, 0, 8;
    %delay 10000, 0;
    %pushi/vec4 1, 0, 4;
    %store/vec4 v0000029fd70abb00_0, 0, 4;
    %pushi/vec4 20, 0, 8;
    %store/vec4 v0000029fd70abc40_0, 0, 8;
    %delay 10000, 0;
    %pushi/vec4 15, 0, 4;
    %store/vec4 v0000029fd70abb00_0, 0, 4;
    %pushi/vec4 255, 0, 8;
    %store/vec4 v0000029fd70abc40_0, 0, 8;
    %delay 10000, 0;
    %vpi_call 2 73 "$monitor", "Both on " {0 0 0};
    %pushi/vec4 1, 0, 1;
    %store/vec4 v0000029fd70ada60_0, 0, 1;
    %pushi/vec4 1, 0, 1;
    %store/vec4 v0000029fd70ad9c0_0, 0, 1;
    %pushi/vec4 0, 0, 4;
    %store/vec4 v0000029fd70abb00_0, 0, 4;
    %pushi/vec4 10, 0, 8;
    %store/vec4 v0000029fd70abc40_0, 0, 8;
    %delay 10000, 0;
    %pushi/vec4 1, 0, 4;
    %store/vec4 v0000029fd70abb00_0, 0, 4;
    %pushi/vec4 20, 0, 8;
    %store/vec4 v0000029fd70abc40_0, 0, 8;
    %delay 10000, 0;
    %pushi/vec4 15, 0, 4;
    %store/vec4 v0000029fd70abb00_0, 0, 4;
    %pushi/vec4 255, 0, 8;
    %store/vec4 v0000029fd70abc40_0, 0, 8;
    %delay 10000, 0;
    %vpi_call 2 79 "$monitor", "Both off" {0 0 0};
    %pushi/vec4 0, 0, 1;
    %store/vec4 v0000029fd70ada60_0, 0, 1;
    %pushi/vec4 0, 0, 1;
    %store/vec4 v0000029fd70ad9c0_0, 0, 1;
    %pushi/vec4 0, 0, 4;
    %store/vec4 v0000029fd70abb00_0, 0, 4;
    %pushi/vec4 10, 0, 8;
    %store/vec4 v0000029fd70abc40_0, 0, 8;
    %delay 10000, 0;
    %pushi/vec4 1, 0, 4;
    %store/vec4 v0000029fd70abb00_0, 0, 4;
    %pushi/vec4 20, 0, 8;
    %store/vec4 v0000029fd70abc40_0, 0, 8;
    %delay 10000, 0;
    %pushi/vec4 15, 0, 4;
    %store/vec4 v0000029fd70abb00_0, 0, 4;
    %pushi/vec4 255, 0, 8;
    %store/vec4 v0000029fd70abc40_0, 0, 8;
    %delay 10000, 0;
    %delay 150000, 0;
    %vpi_call 2 85 "$finish" {0 0 0};
    %end;
    .thread T_3;
# The file index is used to find the file name in the following table.
:file_names 3;
    "N/A";
    "<interactive>";
    "q2.v";
