#! /c/Source/iverilog-install/bin/vvp
:ivl_version "12.0 (devel)" "(s20150603-1539-g2693dd32b)";
:ivl_delay_selection "TYPICAL";
:vpi_time_precision - 12;
:vpi_module "C:\iverilog\lib\ivl\system.vpi";
:vpi_module "C:\iverilog\lib\ivl\vhdl_sys.vpi";
:vpi_module "C:\iverilog\lib\ivl\vhdl_textio.vpi";
:vpi_module "C:\iverilog\lib\ivl\v2005_math.vpi";
:vpi_module "C:\iverilog\lib\ivl\va_math.vpi";
S_00000148acdd4650 .scope module, "tb_rom_8x8" "tb_rom_8x8" 2 20;
 .timescale -9 -12;
v00000148acd96890_0 .var "address", 2 0;
v00000148acd96930_0 .net "data_out", 7 0, L_00000148acde6c30;  1 drivers
v00000148acd969d0_0 .var/i "i", 31 0;
S_00000148acdd5c80 .scope module, "uut" "rom_8x8" 2 25, 2 2 0, S_00000148acdd4650;
 .timescale 0 0;
    .port_info 0 /INPUT 3 "address";
    .port_info 1 /OUTPUT 8 "data_out";
L_00000148acde6c30 .functor BUFZ 8, L_00000148acd96a70, C4<00000000>, C4<00000000>, C4<00000000>;
v00000148acd99e50_0 .net *"_ivl_0", 7 0, L_00000148acd96a70;  1 drivers
v00000148acd96e80_0 .net *"_ivl_2", 4 0, L_00000148acde3230;  1 drivers
L_00000148ace2d838 .functor BUFT 1, C4<00>, C4<0>, C4<0>, C4<0>;
v00000148acdd5e10_0 .net *"_ivl_5", 1 0, L_00000148ace2d838;  1 drivers
v00000148acd966b0_0 .net "address", 2 0, v00000148acd96890_0;  1 drivers
v00000148acd96750_0 .net "data_out", 7 0, L_00000148acde6c30;  alias, 1 drivers
v00000148acd967f0 .array "memory", 7 0, 7 0;
L_00000148acd96a70 .array/port v00000148acd967f0, L_00000148acde3230;
L_00000148acde3230 .concat [ 3 2 0 0], v00000148acd96890_0, L_00000148ace2d838;
    .scope S_00000148acdd5c80;
T_0 ;
    %pushi/vec4 0, 0, 8;
    %ix/load 4, 0, 0;
    %flag_set/imm 4, 0;
    %store/vec4a v00000148acd967f0, 4, 0;
    %pushi/vec4 2, 0, 8;
    %ix/load 4, 1, 0;
    %flag_set/imm 4, 0;
    %store/vec4a v00000148acd967f0, 4, 0;
    %pushi/vec4 4, 0, 8;
    %ix/load 4, 2, 0;
    %flag_set/imm 4, 0;
    %store/vec4a v00000148acd967f0, 4, 0;
    %pushi/vec4 6, 0, 8;
    %ix/load 4, 3, 0;
    %flag_set/imm 4, 0;
    %store/vec4a v00000148acd967f0, 4, 0;
    %pushi/vec4 8, 0, 8;
    %ix/load 4, 4, 0;
    %flag_set/imm 4, 0;
    %store/vec4a v00000148acd967f0, 4, 0;
    %pushi/vec4 10, 0, 8;
    %ix/load 4, 5, 0;
    %flag_set/imm 4, 0;
    %store/vec4a v00000148acd967f0, 4, 0;
    %pushi/vec4 12, 0, 8;
    %ix/load 4, 6, 0;
    %flag_set/imm 4, 0;
    %store/vec4a v00000148acd967f0, 4, 0;
    %pushi/vec4 14, 0, 8;
    %ix/load 4, 7, 0;
    %flag_set/imm 4, 0;
    %store/vec4a v00000148acd967f0, 4, 0;
    %end;
    .thread T_0;
    .scope S_00000148acdd4650;
T_1 ;
    %pushi/vec4 0, 0, 32;
    %store/vec4 v00000148acd969d0_0, 0, 32;
T_1.0 ;
    %load/vec4 v00000148acd969d0_0;
    %cmpi/s 8, 0, 32;
    %jmp/0xz T_1.1, 5;
    %load/vec4 v00000148acd969d0_0;
    %pad/s 3;
    %store/vec4 v00000148acd96890_0, 0, 3;
    %delay 10000, 0;
    %vpi_call 2 35 "$display", "Addr: %d | Data: %d", v00000148acd96890_0, v00000148acd96930_0 {0 0 0};
    %load/vec4 v00000148acd969d0_0;
    %addi 1, 0, 32;
    %store/vec4 v00000148acd969d0_0, 0, 32;
    %jmp T_1.0;
T_1.1 ;
    %vpi_call 2 37 "$finish" {0 0 0};
    %end;
    .thread T_1;
# The file index is used to find the file name in the following table.
:file_names 3;
    "N/A";
    "<interactive>";
    "q7.v";
