#! /c/Source/iverilog-install/bin/vvp
:ivl_version "12.0 (devel)" "(s20150603-1539-g2693dd32b)";
:ivl_delay_selection "TYPICAL";
:vpi_time_precision + 0;
:vpi_module "C:\iverilog\lib\ivl\system.vpi";
:vpi_module "C:\iverilog\lib\ivl\vhdl_sys.vpi";
:vpi_module "C:\iverilog\lib\ivl\vhdl_textio.vpi";
:vpi_module "C:\iverilog\lib\ivl\v2005_math.vpi";
:vpi_module "C:\iverilog\lib\ivl\va_math.vpi";
S_0000019de53067f0 .scope module, "tb_bcd" "tb_bcd" 2 23;
 .timescale 0 0;
v0000019de53e9d00_0 .var "b_in", 3 0;
v0000019de5306b10_0 .var/i "i", 31 0;
v0000019de5306bb0_0 .net "s_out", 6 0, v0000019de53e69f0_0;  1 drivers
S_0000019de5306980 .scope module, "r1" "bcd_7_seg_rom" 2 27, 2 1 0, S_0000019de53067f0;
 .timescale 0 0;
    .port_info 0 /INPUT 4 "b_in";
    .port_info 1 /OUTPUT 7 "s_out";
v0000019de53e6dc0_0 .net "b_in", 3 0, v0000019de53e9d00_0;  1 drivers
v0000019de53e69f0_0 .var "s_out", 6 0;
E_0000019de53e93f0 .event anyedge, v0000019de53e6dc0_0;
    .scope S_0000019de5306980;
T_0 ;
    %wait E_0000019de53e93f0;
    %load/vec4 v0000019de53e6dc0_0;
    %dup/vec4;
    %pushi/vec4 0, 0, 4;
    %cmp/u;
    %jmp/1 T_0.0, 6;
    %dup/vec4;
    %pushi/vec4 1, 0, 4;
    %cmp/u;
    %jmp/1 T_0.1, 6;
    %dup/vec4;
    %pushi/vec4 2, 0, 4;
    %cmp/u;
    %jmp/1 T_0.2, 6;
    %dup/vec4;
    %pushi/vec4 3, 0, 4;
    %cmp/u;
    %jmp/1 T_0.3, 6;
    %dup/vec4;
    %pushi/vec4 4, 0, 4;
    %cmp/u;
    %jmp/1 T_0.4, 6;
    %dup/vec4;
    %pushi/vec4 5, 0, 4;
    %cmp/u;
    %jmp/1 T_0.5, 6;
    %dup/vec4;
    %pushi/vec4 6, 0, 4;
    %cmp/u;
    %jmp/1 T_0.6, 6;
    %dup/vec4;
    %pushi/vec4 7, 0, 4;
    %cmp/u;
    %jmp/1 T_0.7, 6;
    %dup/vec4;
    %pushi/vec4 8, 0, 4;
    %cmp/u;
    %jmp/1 T_0.8, 6;
    %pushi/vec4 0, 0, 7;
    %store/vec4 v0000019de53e69f0_0, 0, 7;
    %jmp T_0.10;
T_0.0 ;
    %pushi/vec4 126, 0, 7;
    %store/vec4 v0000019de53e69f0_0, 0, 7;
    %jmp T_0.10;
T_0.1 ;
    %pushi/vec4 48, 0, 7;
    %store/vec4 v0000019de53e69f0_0, 0, 7;
    %jmp T_0.10;
T_0.2 ;
    %pushi/vec4 109, 0, 7;
    %store/vec4 v0000019de53e69f0_0, 0, 7;
    %jmp T_0.10;
T_0.3 ;
    %pushi/vec4 121, 0, 7;
    %store/vec4 v0000019de53e69f0_0, 0, 7;
    %jmp T_0.10;
T_0.4 ;
    %pushi/vec4 51, 0, 7;
    %store/vec4 v0000019de53e69f0_0, 0, 7;
    %jmp T_0.10;
T_0.5 ;
    %pushi/vec4 91, 0, 7;
    %store/vec4 v0000019de53e69f0_0, 0, 7;
    %jmp T_0.10;
T_0.6 ;
    %pushi/vec4 95, 0, 7;
    %store/vec4 v0000019de53e69f0_0, 0, 7;
    %jmp T_0.10;
T_0.7 ;
    %pushi/vec4 112, 0, 7;
    %store/vec4 v0000019de53e69f0_0, 0, 7;
    %jmp T_0.10;
T_0.8 ;
    %pushi/vec4 127, 0, 7;
    %store/vec4 v0000019de53e69f0_0, 0, 7;
    %jmp T_0.10;
T_0.10 ;
    %pop/vec4 1;
    %jmp T_0;
    .thread T_0, $push;
    .scope S_0000019de53067f0;
T_1 ;
    %vpi_call 2 29 "$monitor", "time=%0d | b_in=%0b | s_out=%0b", $time, v0000019de53e9d00_0, v0000019de5306bb0_0 {0 0 0};
    %pushi/vec4 0, 0, 32;
    %store/vec4 v0000019de5306b10_0, 0, 32;
T_1.0 ;
    %load/vec4 v0000019de5306b10_0;
    %cmpi/s 16, 0, 32;
    %jmp/0xz T_1.1, 5;
    %load/vec4 v0000019de5306b10_0;
    %pad/s 4;
    %store/vec4 v0000019de53e9d00_0, 0, 4;
    %vpi_call 2 32 "$display", " %b  | %b", v0000019de53e9d00_0, v0000019de5306bb0_0 {0 0 0};
    %load/vec4 v0000019de5306b10_0;
    %addi 1, 0, 32;
    %store/vec4 v0000019de5306b10_0, 0, 32;
    %jmp T_1.0;
T_1.1 ;
    %vpi_call 2 34 "$finish" {0 0 0};
    %end;
    .thread T_1;
# The file index is used to find the file name in the following table.
:file_names 3;
    "N/A";
    "<interactive>";
    "q8.v";
